> Task :compileJava UP-TO-DATE
> Task :processResources UP-TO-DATE
> Task :classes UP-TO-DATE
> Task :resolveMainClassName UP-TO-DATE
> Task :bootJar UP-TO-DATE
> Task :jar UP-TO-DATE
> Task :assemble UP-TO-DATE
> Task :compileTestJava UP-TO-DATE
> Task :processTestResources NO-SOURCE
> Task :testClasses UP-TO-DATE

> Task :test FAILED

DemoParkApplicationTests > contextLoads() FAILED
    java.lang.IllegalStateException at DefaultCacheAwareContextLoaderDelegate.java:195
        Caused by: java.lang.IllegalStateException at SpringBootCondition.java:60
            Caused by: java.lang.IllegalStateException at OnBeanCondition.java:657
                Caused by: org.springframework.boot.autoconfigure.condition.OnBeanCondition$BeanTypeDeductionException at OnBeanCondition.java:686
                    Caused by: java.lang.IllegalStateException at ReflectionUtils.java:483
                        Caused by: java.lang.NoClassDefFoundError at Class.java:-2
                            Caused by: java.lang.ClassNotFoundException at BuiltinClassLoader.java:641
7 actionable tasks: 1 executed, 6 up-to-date
./gradlew : 
No linha:1 caractere:1
+ ./gradlew build 
--console=plain > 
build_output.txt 2>&1
+ ~~~~~~~~~~~~~~~~~~~~~~~~~~~~
~~~~~~~~~~~~~~~~~~~~~~~~~~~
    + CategoryInfo          : 
    NotSpecified: (:String)   
  [], RemoteException
    + FullyQualifiedErrorId : 
    NativeCommandError
 
1 test completed, 1 failed

FAILURE: Build failed with an 
exception.

* What went wrong:
Execution failed for task 
':test'.
> There were failing tests. 
See the report at: file:///C:/
MyProjects/demo-park/build/rep
orts/tests/test/index.html

* Try:
> Run with --scan to get full 
insights from a Build Scan 
(powered by Develocity).

BUILD FAILED in 3s
